[cloudera@quickstart ~]$ ls
cloudera          Documents                   express-deployment.json  ListOfInputActionRules.txt  outputFile.txt  Templates
cloudera-manager  Downloads                   filename.txt             mammals.txt                 parcels         Videos
cm_api.py         eclipse                     kerberos                 MRWordCount.jar             Pictures        workspace
Desktop           enterprise-deployment.json  lib                      Music                       Public
[cloudera@quickstart ~]$ hadoop fs -rm -r /user/cloudera/WordCountV1Output
Deleted /user/cloudera/WordCountV1Output
[cloudera@quickstart ~]$ hadoop fs -get /user/cloudera
get: `cloudera/mammals.txt': File exists
[cloudera@quickstart ~]$ hadoop fs -ls /user/cloudera
Found 1 items
-rw-r--r--   1 cloudera cloudera     204469 2020-01-28 14:57 /user/cloudera/mammals.txt
[cloudera@quickstart ~]$ hadoop jar MRWordCount.jar org.wc.WordCount /user/cloudera/mammals.txt /user/cloudera/WordCountV1Output/
20/01/28 15:26:28 INFO client.RMProxy: Connecting to ResourceManager at /0.0.0.0:8032
20/01/28 15:26:29 WARN mapreduce.JobResourceUploader: Hadoop command-line option parsing not performed. Implement the Tool interface and execute your application with ToolRunner to remedy this.
20/01/28 15:26:31 INFO input.FileInputFormat: Total input paths to process : 1
20/01/28 15:26:31 WARN hdfs.DFSClient: Caught exception 
java.lang.InterruptedException
	at java.lang.Object.wait(Native Method)
	at java.lang.Thread.join(Thread.java:1281)
	at java.lang.Thread.join(Thread.java:1355)
	at org.apache.hadoop.hdfs.DFSOutputStream$DataStreamer.closeResponder(DFSOutputStream.java:967)
	at org.apache.hadoop.hdfs.DFSOutputStream$DataStreamer.endBlock(DFSOutputStream.java:705)
	at org.apache.hadoop.hdfs.DFSOutputStream$DataStreamer.run(DFSOutputStream.java:894)
20/01/28 15:26:31 INFO mapreduce.JobSubmitter: number of splits:1
20/01/28 15:26:32 INFO mapreduce.JobSubmitter: Submitting tokens for job: job_1580250891049_0002
20/01/28 15:26:33 INFO impl.YarnClientImpl: Submitted application application_1580250891049_0002
20/01/28 15:26:33 INFO mapreduce.Job: The url to track the job: http://quickstart.cloudera:8088/proxy/application_1580250891049_0002/
20/01/28 15:26:33 INFO mapreduce.Job: Running job: job_1580250891049_0002
20/01/28 15:26:52 INFO mapreduce.Job: Job job_1580250891049_0002 running in uber mode : false
20/01/28 15:26:52 INFO mapreduce.Job:  map 0% reduce 0%
20/01/28 15:27:09 INFO mapreduce.Job:  map 100% reduce 0%
20/01/28 15:27:24 INFO mapreduce.Job:  map 100% reduce 100%
20/01/28 15:27:25 INFO mapreduce.Job: Job job_1580250891049_0002 completed successfully
20/01/28 15:27:25 INFO mapreduce.Job: Counters: 49
	File System Counters
		FILE: Number of bytes read=82122
		FILE: Number of bytes written=451033
		FILE: Number of read operations=0
		FILE: Number of large read operations=0
		FILE: Number of write operations=0
		HDFS: Number of bytes read=204591
		HDFS: Number of bytes written=59550
		HDFS: Number of read operations=6
		HDFS: Number of large read operations=0
		HDFS: Number of write operations=2
	Job Counters 
		Launched map tasks=1
		Launched reduce tasks=1
		Data-local map tasks=1
		Total time spent by all maps in occupied slots (ms)=13694
		Total time spent by all reduces in occupied slots (ms)=12806
		Total time spent by all map tasks (ms)=13694
		Total time spent by all reduce tasks (ms)=12806
		Total vcore-milliseconds taken by all map tasks=13694
		Total vcore-milliseconds taken by all reduce tasks=12806
		Total megabyte-milliseconds taken by all map tasks=14022656
		Total megabyte-milliseconds taken by all reduce tasks=13113344
	Map-Reduce Framework
		Map input records=4300
		Map output records=30469
		Map output bytes=312006
		Map output materialized bytes=82122
		Input split bytes=122
		Combine input records=30469
		Combine output records=5768
		Reduce input groups=5768
		Reduce shuffle bytes=82122
		Reduce input records=5768
		Reduce output records=5768
		Spilled Records=11536
		Shuffled Maps =1
		Failed Shuffles=0
		Merged Map outputs=1
		GC time elapsed (ms)=292
		CPU time spent (ms)=3440
		Physical memory (bytes) snapshot=344776704
		Virtual memory (bytes) snapshot=3020410880
		Total committed heap usage (bytes)=226365440
	Shuffle Errors
		BAD_ID=0
		CONNECTION=0
		IO_ERROR=0
		WRONG_LENGTH=0
		WRONG_MAP=0
		WRONG_REDUCE=0
	File Input Format Counters 
		Bytes Read=204469
	File Output Format Counters 
		Bytes Written=59550
[cloudera@quickstart ~]$ hadoop fs -ls /user/cloudera/WordCountV1Output
Found 2 items
-rw-r--r--   1 cloudera cloudera          0 2020-01-28 15:27 /user/cloudera/WordCountV1Output/_SUCCESS
-rw-r--r--   1 cloudera cloudera      59550 2020-01-28 15:27 /user/cloudera/WordCountV1Output/part-r-00000
[cloudera@quickstart ~]$ hadoop fs -get /user/cloudera/WordCountV1Output/part-r-00000 WordCountV1.txt
[cloudera@quickstart ~]$ ls
cloudera          Downloads                   kerberos                    Music           Templates
cloudera-manager  eclipse                     lib                         outputFile.txt  Videos
cm_api.py         enterprise-deployment.json  ListOfInputActionRules.txt  parcels         WordCountV1.txt
Desktop           express-deployment.json     mammals.txt                 Pictures        workspace
Documents         filename.txt                MRWordCount.jar             Public
